// Jest Snapshot v1, https://goo.gl/fbAQLP

exports[`fake a login form 1`] = `
<View
  style={
    Object {
      "backgroundColor": "#FFF",
    }
  }
>
  <View
    style={
      Object {
        "alignItems": "center",
        "padding": 24,
      }
    }
  >
    <TextInput
      allowFontScaling={true}
      onChangeText={[Function]}
      placeholder="Username"
      rejectResponderTermination={true}
      underlineColorAndroid="transparent"
      value=""
    />
    <TextInput
      allowFontScaling={true}
      onChangeText={[Function]}
      placeholder="Password"
      rejectResponderTermination={true}
      secureTextEntry={true}
      underlineColorAndroid="transparent"
      value=""
    />
    <View
      accessible={true}
      collapsable={false}
      focusable={true}
      onBlur={[Function]}
      onClick={[Function]}
      onFocus={[Function]}
      onResponderGrant={[Function]}
      onResponderMove={[Function]}
      onResponderRelease={[Function]}
      onResponderTerminate={[Function]}
      onResponderTerminationRequest={[Function]}
      onStartShouldSetResponder={[Function]}
      style={
        Object {
          "alignItems": "center",
          "backgroundColor": "#9e9ef8",
          "borderRadius": 12,
          "justifyContent": "center",
          "margin": 6,
          "padding": 6,
        }
      }
    >
      <Text>
        Submit
      </Text>
    </View>
  </View>
</View>
`;

exports[`test a flatlist and a scrolling affect  1`] = `
<RCTSafeAreaView
  emulateUnlessSupported={true}
  style={
    Object {
      "flex": 1,
      "marginHorizontal": 16,
    }
  }
>
  <RCTScrollView
    data={
      Array [
        "Pizza",
        "Burger",
        "Risotto",
        "French Fries",
        "Onion Rings",
        "Fried Shrimps",
        "Water",
        "Coke",
        "Beer",
        "Cheese Cake",
        "Pancakes",
        "The Impossible Burger",
        "Fanta",
        "French Omelette",
        "Onion Fries",
        "Nep Shrimps",
        "Soda",
        "Cheesy Mushroom",
      ]
    }
    disableVirtualization={false}
    getItem={[Function]}
    getItemCount={[Function]}
    horizontal={false}
    initialNumToRender={10}
    keyExtractor={[Function]}
    maxToRenderPerBatch={10}
    onContentSizeChange={[Function]}
    onEndReached={[Function]}
    onEndReachedThreshold={0.2}
    onLayout={[Function]}
    onMomentumScrollEnd={[Function]}
    onRefresh={[Function]}
    onScroll={[Function]}
    onScrollBeginDrag={[Function]}
    onScrollEndDrag={[Function]}
    progressViewOffset={100}
    refreshControl={
      <RefreshControlMock
        onRefresh={[Function]}
        progressViewOffset={100}
        refreshing={false}
      />
    }
    refreshing={false}
    removeClippedSubviews={false}
    renderItem={[Function]}
    scrollEventThrottle={50}
    stickyHeaderIndices={Array []}
    testID="flat-list"
    updateCellsBatchingPeriod={50}
    viewabilityConfigCallbackPairs={Array []}
    windowSize={21}
  >
    <RCTRefreshControl />
    <View>
      <View
        onLayout={[Function]}
        style={null}
      >
        <View
          style={
            Object {
              "backgroundColor": "#f9c2ff",
              "marginVertical": 8,
              "padding": 20,
            }
          }
        >
          <Text
            style={
              Object {
                "fontSize": 24,
              }
            }
          >
            Pizza
          </Text>
        </View>
      </View>
      <View
        onLayout={[Function]}
        style={null}
      >
        <View
          style={
            Object {
              "backgroundColor": "#f9c2ff",
              "marginVertical": 8,
              "padding": 20,
            }
          }
        >
          <Text
            style={
              Object {
                "fontSize": 24,
              }
            }
          >
            Burger
          </Text>
        </View>
      </View>
      <View
        onLayout={[Function]}
        style={null}
      >
        <View
          style={
            Object {
              "backgroundColor": "#f9c2ff",
              "marginVertical": 8,
              "padding": 20,
            }
          }
        >
          <Text
            style={
              Object {
                "fontSize": 24,
              }
            }
          >
            Risotto
          </Text>
        </View>
      </View>
      <View
        onLayout={[Function]}
        style={null}
      >
        <View
          style={
            Object {
              "backgroundColor": "#f9c2ff",
              "marginVertical": 8,
              "padding": 20,
            }
          }
        >
          <Text
            style={
              Object {
                "fontSize": 24,
              }
            }
          >
            French Fries
          </Text>
        </View>
      </View>
      <View
        onLayout={[Function]}
        style={null}
      >
        <View
          style={
            Object {
              "backgroundColor": "#f9c2ff",
              "marginVertical": 8,
              "padding": 20,
            }
          }
        >
          <Text
            style={
              Object {
                "fontSize": 24,
              }
            }
          >
            Onion Rings
          </Text>
        </View>
      </View>
      <View
        onLayout={[Function]}
        style={null}
      >
        <View
          style={
            Object {
              "backgroundColor": "#f9c2ff",
              "marginVertical": 8,
              "padding": 20,
            }
          }
        >
          <Text
            style={
              Object {
                "fontSize": 24,
              }
            }
          >
            Fried Shrimps
          </Text>
        </View>
      </View>
      <View
        onLayout={[Function]}
        style={null}
      >
        <View
          style={
            Object {
              "backgroundColor": "#f9c2ff",
              "marginVertical": 8,
              "padding": 20,
            }
          }
        >
          <Text
            style={
              Object {
                "fontSize": 24,
              }
            }
          >
            Water
          </Text>
        </View>
      </View>
      <View
        onLayout={[Function]}
        style={null}
      >
        <View
          style={
            Object {
              "backgroundColor": "#f9c2ff",
              "marginVertical": 8,
              "padding": 20,
            }
          }
        >
          <Text
            style={
              Object {
                "fontSize": 24,
              }
            }
          >
            Coke
          </Text>
        </View>
      </View>
      <View
        onLayout={[Function]}
        style={null}
      >
        <View
          style={
            Object {
              "backgroundColor": "#f9c2ff",
              "marginVertical": 8,
              "padding": 20,
            }
          }
        >
          <Text
            style={
              Object {
                "fontSize": 24,
              }
            }
          >
            Beer
          </Text>
        </View>
      </View>
      <View
        onLayout={[Function]}
        style={null}
      >
        <View
          style={
            Object {
              "backgroundColor": "#f9c2ff",
              "marginVertical": 8,
              "padding": 20,
            }
          }
        >
          <Text
            style={
              Object {
                "fontSize": 24,
              }
            }
          >
            Cheese Cake
          </Text>
        </View>
      </View>
      <View
        onLayout={[Function]}
        style={null}
      >
        <View
          style={
            Object {
              "backgroundColor": "#f9c2ff",
              "marginVertical": 8,
              "padding": 20,
            }
          }
        >
          <Text
            style={
              Object {
                "fontSize": 24,
              }
            }
          >
            Pancakes
          </Text>
        </View>
      </View>
      <View
        onLayout={[Function]}
        style={null}
      >
        <View
          style={
            Object {
              "backgroundColor": "#f9c2ff",
              "marginVertical": 8,
              "padding": 20,
            }
          }
        >
          <Text
            style={
              Object {
                "fontSize": 24,
              }
            }
          >
            The Impossible Burger
          </Text>
        </View>
      </View>
      <View
        onLayout={[Function]}
        style={null}
      >
        <View
          style={
            Object {
              "backgroundColor": "#f9c2ff",
              "marginVertical": 8,
              "padding": 20,
            }
          }
        >
          <Text
            style={
              Object {
                "fontSize": 24,
              }
            }
          >
            Fanta
          </Text>
        </View>
      </View>
      <View
        onLayout={[Function]}
        style={null}
      >
        <View
          style={
            Object {
              "backgroundColor": "#f9c2ff",
              "marginVertical": 8,
              "padding": 20,
            }
          }
        >
          <Text
            style={
              Object {
                "fontSize": 24,
              }
            }
          >
            French Omelette
          </Text>
        </View>
      </View>
      <View
        onLayout={[Function]}
        style={null}
      >
        <View
          style={
            Object {
              "backgroundColor": "#f9c2ff",
              "marginVertical": 8,
              "padding": 20,
            }
          }
        >
          <Text
            style={
              Object {
                "fontSize": 24,
              }
            }
          >
            Onion Fries
          </Text>
        </View>
      </View>
      <View
        onLayout={[Function]}
        style={null}
      >
        <View
          style={
            Object {
              "backgroundColor": "#f9c2ff",
              "marginVertical": 8,
              "padding": 20,
            }
          }
        >
          <Text
            style={
              Object {
                "fontSize": 24,
              }
            }
          >
            Nep Shrimps
          </Text>
        </View>
      </View>
      <View
        onLayout={[Function]}
        style={null}
      >
        <View
          style={
            Object {
              "backgroundColor": "#f9c2ff",
              "marginVertical": 8,
              "padding": 20,
            }
          }
        >
          <Text
            style={
              Object {
                "fontSize": 24,
              }
            }
          >
            Soda
          </Text>
        </View>
      </View>
      <View
        onLayout={[Function]}
        style={null}
      >
        <View
          style={
            Object {
              "backgroundColor": "#f9c2ff",
              "marginVertical": 8,
              "padding": 20,
            }
          }
        >
          <Text
            style={
              Object {
                "fontSize": 24,
              }
            }
          >
            Cheesy Mushroom
          </Text>
        </View>
      </View>
    </View>
  </RCTScrollView>
  <View
    style={
      Object {
        "paddingVertical": 12,
      }
    }
  >
    <Text />
  </View>
</RCTSafeAreaView>
`;
